// Vitest Snapshot v1, https://vitest.dev/guide/snapshot.html

exports[`Test para el componente Login > match snapshot 1`] = `
<DocumentFragment>
  <div
    class="login"
  >
    <section
      aria-labelledby="login-heading"
      class="login__container"
    >
      <h1
        class="login__title"
        id="login-heading"
      >
        Iniciar Sesión
      </h1>
      <form
        aria-describedby="login-form-desc"
        class="login-form"
      >
        <p
          class="login-form__desc"
          id="login-form-desc"
        >
          Introduce tus credenciales para acceder a tu cuenta.
        </p>
        <div
          class="login-form__group"
        >
          <label
            class="login-form__label"
            for="usuario"
          >
            Usuario
          </label>
          <input
            aria-describedby="usuario-desc"
            aria-invalid="false"
            aria-required="true"
            class="login-form__input"
            id="usuario"
            name="usuario"
            placeholder="usuarioEjemplo"
            type="usuario"
          />
          <span
            class="sr-only"
            id="usuario-desc"
          >
            Introduce un correo válido
          </span>
        </div>
        <div
          class="login-form__group"
        >
          <label
            class="login-form__label"
            for="password"
          >
            Contraseña
          </label>
          <input
            aria-describedby="password-desc"
            aria-invalid="false"
            aria-required="true"
            class="login-form__input"
            id="password"
            name="password"
            placeholder="••••••••"
            type="password"
          />
          <span
            class="sr-only"
            id="password-desc"
          >
            Introduce tu contraseña
          </span>
        </div>
        <button
          class="login-form__button"
          role="buttonLogin"
          type="submit"
        >
          Iniciar Sesión
        </button>
      </form>
      <p
        class="login__register"
      >
        ¿No tienes una cuenta?
      </p>
    </section>
  </div>
</DocumentFragment>
`;
