// Vitest Snapshot v1, https://vitest.dev/guide/snapshot.html

exports[`Test Para componente Loader > Match snapshot 1`] = `
<DocumentFragment>
  <div
    aria-label="Cargando..."
    class="loader"
    data-testid="loader"
  />
</DocumentFragment>
`;
